(base) carmen@caarmen:~/docking/scripts$ ./diffdock_parallel.sh 1
/home/carmen/miniconda3/envs/diffdock/lib/python3.9/site-packages/esm/__init__.py
/home/carmen/docking/data_sets/posebusters_benchmark_set
Protein 5S8I_2LY
Docking ya existe
Procesando resultados con bust...
Protein 5SAK_ZRY
Docking ya existe
Procesando resultados con bust...
Protein 5SB2_1K2
Docking ya existe
Procesando resultados con bust...
Protein 5SD5_HWI
Docking ya existe
Procesando resultados con bust...
Protein 5SIS_JSM
Docking ya existe
Procesando resultados con bust...
Protein 6M2B_EZO
Docking ya existe
Procesando resultados con bust...
Protein 6M73_FNR
Docking ya existe
Procesando resultados con bust...
Protein 6T88_MWQ
Docking ya existe
Procesando resultados con bust...
Protein 6TW5_9M2
Docking ya existe
Procesando resultados con bust...
Protein 6TW7_NZB
Docking ya existe
Procesando resultados con bust...
Protein 6VS3_R6V
Docking ya existe
Procesando resultados con bust...
Protein 6VTA_AKN
Docking ya existe
Procesando resultados con bust...
Protein 6W59_SZD
Docking ya existe
Procesando resultados con bust...
Protein 6WTN_RXT
Docking ya existe
Procesando resultados con bust...
Protein 6X8D_ARA
Docking ya existe
Procesando resultados con bust...
Protein 6XAF_GDP
Docking ya existe
Procesando resultados con bust...
Protein 6XBO_5MC
Docking ya existe
Procesando resultados con bust...
Protein 6XCT_478
Docking ya existe
Procesando resultados con bust...
Protein 6XG5_TOP
Docking ya existe
Procesando resultados con bust...
Protein 6XHT_V2V
Docking ya existe
Procesando resultados con bust...
Protein 6XM9_V55
Docking ya existe
Procesando resultados con bust...
Protein 6XUM_30L
Docking ya existe
Procesando resultados con bust...
Protein 6Y7L_QMG
Docking ya existe
Procesando resultados con bust...
Protein 6YDY_K73
Docking ya existe
Procesando resultados con bust...
Protein 6YJA_2BA
Docking ya existe
Procesando resultados con bust...
Protein 6YMS_OZH
Docking ya existe
Procesando resultados con bust...
Protein 6YQV_8K2
Docking ya existe
Procesando resultados con bust...
Protein 6YQW_82I
Docking ya existe
Procesando resultados con bust...
Protein 6YR2_T1C
Docking ya existe
Procesando resultados con bust...
Protein 6YRV_PJ8
Docking ya existe
Procesando resultados con bust...
Protein 6YSP_PAL
Docking ya existe
Procesando resultados con bust...
Protein 6YT6_PKE
Docking ya existe
Procesando resultados con bust...
Protein 6YYO_Q1K
Docking ya existe
Procesando resultados con bust...
Protein 6Z0R_Q4H
Docking ya existe
Procesando resultados con bust...
Protein 6Z14_Q4Z
Docking ya existe
Procesando resultados con bust...
Protein 6Z1C_7EY
Docking ya existe
Procesando resultados con bust...
Protein 6Z2C_Q5E
Docking ya existe
Procesando resultados con bust...
Protein 6Z4N_Q7B
Docking ya existe
Procesando resultados con bust...
Protein 6Z5Z_BDF
Docking ya existe
Procesando resultados con bust...
Protein 6ZAE_ACV
Docking ya existe
Procesando resultados con bust...
Protein 6ZC3_JOR
Docking ya existe
Procesando resultados con bust...
Protein 6ZCY_QF8
Docking ya existe
Procesando resultados con bust...
Protein 6ZK5_IMH
Docking ya existe
Procesando resultados con bust...
Protein 6ZPB_3D1
Docking ya existe
Procesando resultados con bust...
Protein 6ZR8_QOZ
Docking ya existe
Procesando resultados con bust...
Protein 6ZT2_QPK
Docking ya existe
Procesando resultados con bust...
Protein 6ZX3_QRZ
Docking ya existe
Procesando resultados con bust...
Protein 6ZXQ_IMO
Docking ya existe
Procesando resultados con bust...
Protein 7A1P_QW2
Docking ya existe
Procesando resultados con bust...
Protein 7A9E_R4W
Docking ya existe
Procesando resultados con bust...
Protein 7A9H_TPP
Docking ya existe
Procesando resultados con bust...
Protein 7AA0_R6B
Docking ya existe
Procesando resultados con bust...
Protein 7AFX_R9K
Docking ya existe
Procesando resultados con bust...
Protein 7AKL_RK5
Docking ya existe
Procesando resultados con bust...
Protein 7AMC_73B
Docking ya existe
Procesando resultados con bust...
Protein 7AN5_RDH
Docking ya existe
Procesando resultados con bust...
Protein 7AS1_21G
Docking ya existe
Procesando resultados con bust...
Protein 7AVI_S2Q
Docking ya existe
Procesando resultados con bust...
Protein 7B0E_C2E
Docking ya existe
Procesando resultados con bust...
Protein 7B2C_TP7
Docking ya existe
Procesando resultados con bust...
Protein 7B94_ANP
Docking ya existe
Procesando resultados con bust...
Protein 7BA0_T5H
Docking ya existe
Procesando resultados con bust...
Protein 7BCP_GCO
Docking ya existe
Procesando resultados con bust...
Protein 7BHX_TO5
Docking ya existe
Procesando resultados con bust...
Protein 7BJ6_TVK
Docking ya existe
Procesando resultados con bust...
Protein 7BJJ_TVW
Docking ya existe
Procesando resultados con bust...
Protein 7BKA_4JC
Docking ya existe
Procesando resultados con bust...
Protein 7BLA_WCS
Docking ya existe
Procesando resultados con bust...
Protein 7BLG_GAL
Docking ya existe
Procesando resultados con bust...
Protein 7BMI_U4B
Docking ya existe
Procesando resultados con bust...
Protein 7BNH_BEZ
Docking ya existe
Procesando resultados con bust...
Protein 7BTT_F8R
Docking ya existe
Procesando resultados con bust...
Protein 7C0U_FGO
Docking ya existe
Procesando resultados con bust...
Protein 7C3U_AZG
Docking ya existe
Procesando resultados con bust...
Protein 7C6P_SQH
Docking ya existe
Procesando resultados con bust...
Protein 7C8Q_DSG
Docking ya existe
Procesando resultados con bust...
Protein 7CD9_FVR
Docking ya existe
Procesando resultados con bust...
Protein 7CIJ_G0C
Docking ya existe
Procesando resultados con bust...
Protein 7CL8_TES
Docking ya existe
Procesando resultados con bust...
Protein 7CNQ_G8X
Docking ya existe
Procesando resultados con bust...
Protein 7CNS_PMV
Docking ya existe
Procesando resultados con bust...
Protein 7CTM_BDP
Docking ya existe
Procesando resultados con bust...
Protein 7CUO_PHB
Docking ya existe
Procesando resultados con bust...
Protein 7D0P_1VU
Docking ya existe
Procesando resultados con bust...
Protein 7D5C_GV6
Docking ya existe
Procesando resultados con bust...
Protein 7D6O_MTE
Ejecutando DiffDock...
/home/carmen/miniconda3/envs/diffdock/lib/python3.9/site-packages/Bio/pairwise2.py:278: BiopythonDeprecationWarning: Bio.pairwise2 has been deprecated, and we intend to remove it in a future release of Biopython. As an alternative, please consider using Bio.Align.PairwiseAligner as a replacement, and contact the Biopython developers if you still need the Bio.pairwise2 module.
  warnings.warn(
0it [00:00, ?it/s]/home/carmen/tfg/DiffDock/datasets/parse_chi.py:91: RuntimeWarning: invalid value encountered in cast
  Y = indices.astype(int)
[2025-Apr-20 18:17:43 CEST] WARNING -The test dataset did not contain complex_0 for /home/carmen/docking/data_sets/posebusters_benchmark_set/7D6O_MTE/7D6O_MTE_ligand.sdf and /home/carmen/docking/data_sets/posebusters_benchmark_set/7D6O_MTE/7D6O_MTE_protein.pdb. We are skipping this complex.
1it [00:01,  1.99s/it]
[2025-Apr-20 18:17:43 CEST] WARNING -
    Failed for 0 / 1 complexes.
    Skipped 1 / 1 complexes.

Procesando resultados con bust...
Protein 7D8Q_GZF
Docking ya existe
Procesando resultados con bust...
Protein 7D9L_GSF
Docking ya existe
Procesando resultados con bust...
Protein 7DIN_MPO
Docking ya existe
Procesando resultados con bust...
Protein 7DKT_GLF
Docking ya existe
Procesando resultados con bust...
Protein 7DQL_4CL
Docking ya existe
Procesando resultados con bust...
Protein 7DUA_HJ0
Docking ya existe
Procesando resultados con bust...
Protein 7E2S_BLA
Docking ya existe
Procesando resultados con bust...
Protein 7E4L_MDN
Docking ya existe
Procesando resultados con bust...
Protein 7EBG_J0L
Docking ya existe
Procesando resultados con bust...
Protein 7ECR_SIN
Docking ya existe
Procesando resultados con bust...
Protein 7ED2_A3P
Docking ya existe
Procesando resultados con bust...
Protein 7ELT_TYM
Docking ya existe
Procesando resultados con bust...
Protein 7EN7_J79
Docking ya existe
Procesando resultados con bust...
Protein 7EPV_FDA
Docking ya existe
Procesando resultados con bust...
Protein 7ES1_UDP
Docking ya existe
Procesando resultados con bust...
Protein 7F51_BA7
Docking ya existe
Procesando resultados con bust...
Protein 7F5D_EUO
Docking ya existe
Procesando resultados con bust...
Protein 7F8T_FAD
Docking ya existe
Procesando resultados con bust...
Protein 7FB7_8NF
Docking ya existe
Procesando resultados con bust...
Protein 7FHA_ADX
Docking ya existe
Procesando resultados con bust...
Protein 7FRX_O88
Ejecutando DiffDock...
/home/carmen/miniconda3/envs/diffdock/lib/python3.9/site-packages/Bio/pairwise2.py:278: BiopythonDeprecationWarning: Bio.pairwise2 has been deprecated, and we intend to remove it in a future release of Biopython. As an alternative, please consider using Bio.Align.PairwiseAligner as a replacement, and contact the Biopython developers if you still need the Bio.pairwise2 module.
  warnings.warn(
0it [00:00, ?it/s]/home/carmen/tfg/DiffDock/datasets/parse_chi.py:91: RuntimeWarning: invalid value encountered in cast
  Y = indices.astype(int)
[2025-Apr-20 18:20:07 CEST] WARNING -The test dataset did not contain complex_0 for /home/carmen/docking/data_sets/posebusters_benchmark_set/7FRX_O88/7FRX_O88_ligand.sdf and /home/carmen/docking/data_sets/posebusters_benchmark_set/7FRX_O88/7FRX_O88_protein.pdb. We are skipping this complex.
1it [00:02,  2.36s/it]
[2025-Apr-20 18:20:07 CEST] WARNING -
    Failed for 0 / 1 complexes.
    Skipped 1 / 1 complexes.

Procesando resultados con bust...
Protein 7FT9_4MB
Docking ya existe
Procesando resultados con bust...
Protein 7JG0_GAR
Docking ya existe
Procesando resultados con bust...
Protein 7JGW_V9S
Docking ya existe
Procesando resultados con bust...
Protein 7JHQ_VAJ
Docking ya existe
Procesando resultados con bust...
Protein 7JMV_4NC
Docking ya existe
Procesando resultados con bust...
Protein 7JNB_A2G
Docking ya existe
Procesando resultados con bust...
Protein 7JR8_VH7
Docking ya existe
Procesando resultados con bust...
Protein 7JUD_MMA
Docking ya existe
Procesando resultados con bust...
Protein 7JXX_VP7
Docking ya existe
Procesando resultados con bust...
Protein 7JY3_VUD
Docking ya existe
Procesando resultados con bust...
Protein 7K0V_VQP
Docking ya existe
Procesando resultados con bust...
Protein 7K41_VUA
Docking ya existe
Procesando resultados con bust...
Protein 7KB1_WBJ
Docking ya existe
Procesando resultados con bust...
Protein 7KC5_BJZ
Docking ya existe
Procesando resultados con bust...
Protein 7KFO_IAC
Docking ya existe
Procesando resultados con bust...
Protein 7KLX_WOV
Docking ya existe
Procesando resultados con bust...
Protein 7KM8_WPD
Docking ya existe
Procesando resultados con bust...
Protein 7KP6_WTP
Docking ya existe
Procesando resultados con bust...
Protein 7KQU_YOF
Docking ya existe
Procesando resultados con bust...
Protein 7KRU_ATP
Docking ya existe
Procesando resultados con bust...
Protein 7KZ9_XN7
Docking ya existe
Procesando resultados con bust...
Protein 7L00_XCJ
Docking ya existe
Procesando resultados con bust...
Protein 7L03_F9F
Docking ya existe
Procesando resultados con bust...
Protein 7L5F_XNG
Docking ya existe
Procesando resultados con bust...
Protein 7L6D_BMF
Docking ya existe
Procesando resultados con bust...
Protein 7L7C_XQ1
Docking ya existe
Procesando resultados con bust...
Protein 7L81_UD4
Docking ya existe
Procesando resultados con bust...
Protein 7LB3_XXS
Docking ya existe
Procesando resultados con bust...
Protein 7LCU_XTA
Docking ya existe
Procesando resultados con bust...
Protein 7LEV_0JO
Docking ya existe
Procesando resultados con bust...
Protein 7LJN_GTP
Docking ya existe
Procesando resultados con bust...
Protein 7LMO_NYO
Docking ya existe
Procesando resultados con bust...
Protein 7LOE_Y84
Docking ya existe
Procesando resultados con bust...
Protein 7LOU_IFM
Docking ya existe
Procesando resultados con bust...
Protein 7LT0_ONJ
Docking ya existe
Procesando resultados con bust...
Protein 7LZD_YHY
Docking ya existe
Procesando resultados con bust...
Protein 7LZQ_YJV
Docking ya existe
Procesando resultados con bust...
Protein 7M31_TDR
Ejecutando DiffDock...
/home/carmen/miniconda3/envs/diffdock/lib/python3.9/site-packages/Bio/pairwise2.py:278: BiopythonDeprecationWarning: Bio.pairwise2 has been deprecated, and we intend to remove it in a future release of Biopython. As an alternative, please consider using Bio.Align.PairwiseAligner as a replacement, and contact the Biopython developers if you still need the Bio.pairwise2 module.
  warnings.warn(
0it [00:00, ?it/s]/home/carmen/tfg/DiffDock/datasets/parse_chi.py:91: RuntimeWarning: invalid value encountered in cast
  Y = indices.astype(int)
[2025-Apr-20 18:23:45 CEST] WARNING -The test dataset did not contain complex_0 for /home/carmen/docking/data_sets/posebusters_benchmark_set/7M31_TDR/7M31_TDR_ligand.sdf and /home/carmen/docking/data_sets/posebusters_benchmark_set/7M31_TDR/7M31_TDR_protein.pdb. We are skipping this complex.
1it [00:02,  2.73s/it]
[2025-Apr-20 18:23:45 CEST] WARNING -
    Failed for 0 / 1 complexes.
    Skipped 1 / 1 complexes.

Procesando resultados con bust...
Protein 7M3H_YPV
Docking ya existe
Procesando resultados con bust...
Protein 7M41_YQG
Docking ya existe
Procesando resultados con bust...
Protein 7M6K_YRJ
Docking ya existe
Procesando resultados con bust...
Protein 7MAE_XUS
Docking ya existe
Procesando resultados con bust...
Protein 7MEU_MGP
Docking ya existe
Procesando resultados con bust...
Protein 7MFP_Z7P
Docking ya existe
Procesando resultados con bust...
Protein 7MGT_ZD4
Docking ya existe
Procesando resultados con bust...
Protein 7MGY_ZD1
Docking ya existe
Procesando resultados con bust...
Protein 7MMH_ZJY
Docking ya existe
Procesando resultados con bust...
Protein 7MOI_HPS
Docking ya existe
Procesando resultados con bust...
Protein 7MRH_ZMJ
Docking ya existe
Procesando resultados con bust...
Protein 7MS7_ZQ1
Docking ya existe
Procesando resultados con bust...
Protein 7MSR_DCA
Docking ya existe
Procesando resultados con bust...
Protein 7MWN_WI5
Docking ya existe
Procesando resultados con bust...
Protein 7MWU_ZPM
Docking ya existe
Procesando resultados con bust...
Protein 7MY1_IPE
Docking ya existe
Procesando resultados con bust...
Protein 7MYU_ZR7
Docking ya existe
Procesando resultados con bust...
Protein 7MZS_GLA
Docking ya existe
Procesando resultados con bust...
Protein 7N03_ZRP
Docking ya existe
Procesando resultados con bust...
Protein 7N4N_0BK
Docking ya existe
Procesando resultados con bust...
Protein 7N4W_P4V
Docking ya existe
Procesando resultados con bust...
Protein 7N6F_0I1
Docking ya existe
Procesando resultados con bust...
Protein 7N7B_T3F
Docking ya existe
Procesando resultados con bust...
Protein 7N7H_CTP
Docking ya existe
Procesando resultados con bust...
Protein 7NA4_1I9
Docking ya existe
Procesando resultados con bust...
Protein 7NB4_U6Q
Docking ya existe
Procesando resultados con bust...
Protein 7NF0_BYN
Docking ya existe
Procesando resultados con bust...
Protein 7NF3_4LU
Docking ya existe
Procesando resultados con bust...
Protein 7NFB_GEN
Ejecutando DiffDock...
/home/carmen/miniconda3/envs/diffdock/lib/python3.9/site-packages/Bio/pairwise2.py:278: BiopythonDeprecationWarning: Bio.pairwise2 has been deprecated, and we intend to remove it in a future release of Biopython. As an alternative, please consider using Bio.Align.PairwiseAligner as a replacement, and contact the Biopython developers if you still need the Bio.pairwise2 module.
  warnings.warn(
0it [00:00, ?it/s]/home/carmen/tfg/DiffDock/datasets/parse_chi.py:91: RuntimeWarning: invalid value encountered in cast
  Y = indices.astype(int)
--- Logging error ---
Traceback (most recent call last):
  File "/home/carmen/tfg/DiffDock/inference.py", line 260, in main
    data_list, confidence = sampling(data_list=data_list, model=model,
  File "/home/carmen/tfg/DiffDock/utils/sampling.py", line 116, in sampling
    tr_score, rot_score, tor_score = model(mod_complex_graph_batch)[:3]
  File "/home/carmen/miniconda3/envs/diffdock/lib/python3.9/site-packages/torch/nn/modules/module.py", line 1194, in _call_impl
    return forward_call(*input, **kwargs)
  File "/home/carmen/tfg/DiffDock/models/cg_model.py", line 318, in forward
    rec_edge_index, rec_edge_attr, rec_edge_sh, rec_edge_weight = self.embedding(data)
  File "/home/carmen/tfg/DiffDock/models/cg_model.py", line 290, in embedding
    rec_node_attr = self.rec_emb_layers[l](rec_node_attr, data['receptor', 'receptor'].edge_index, edge_attr_, rec_edge_sh, edge_weight=rec_edge_weight)
  File "/home/carmen/miniconda3/envs/diffdock/lib/python3.9/site-packages/torch/nn/modules/module.py", line 1194, in _call_impl
    return forward_call(*input, **kwargs)
  File "/home/carmen/tfg/DiffDock/models/tensor_layers.py", line 311, in forward
    raise ValueError("No edges and no nodes")
ValueError: No edges and no nodes

During handling of the above exception, another exception occurred:

Traceback (most recent call last):
  File "/home/carmen/miniconda3/envs/diffdock/lib/python3.9/logging/__init__.py", line 1083, in emit
    msg = self.format(record)
  File "/home/carmen/miniconda3/envs/diffdock/lib/python3.9/logging/__init__.py", line 927, in format
    return fmt.format(record)
  File "/home/carmen/miniconda3/envs/diffdock/lib/python3.9/logging/__init__.py", line 663, in format
    record.message = record.getMessage()
  File "/home/carmen/miniconda3/envs/diffdock/lib/python3.9/logging/__init__.py", line 367, in getMessage
    msg = msg % self.args
TypeError: not all arguments converted during string formatting
Call stack:
  File "/home/carmen/miniconda3/envs/diffdock/lib/python3.9/runpy.py", line 197, in _run_module_as_main
    return _run_code(code, main_globals, None,
  File "/home/carmen/miniconda3/envs/diffdock/lib/python3.9/runpy.py", line 87, in _run_code
    exec(code, run_globals)
  File "/home/carmen/tfg/DiffDock/inference.py", line 318, in <module>
    main(_args)
  File "/home/carmen/tfg/DiffDock/inference.py", line 302, in main
    logger.warning("Failed on", orig_complex_graph["name"], e)
Message: 'Failed on'
Arguments: (['complex_0'], ValueError('No edges and no nodes'))
1it [00:32, 32.33s/it]
[2025-Apr-20 18:26:39 CEST] WARNING -
    Failed for 1 / 1 complexes.
    Skipped 0 / 1 complexes.

Procesando resultados con bust...
Protein 7NGW_UAW
Docking ya existe
Procesando resultados con bust...
Protein 7NLK_UHK
Docking ya existe
Procesando resultados con bust...
Protein 7NLV_UJE
Docking ya existe
Procesando resultados con bust...
Protein 7NML_I7B
Docking ya existe
Procesando resultados con bust...
Protein 7NP6_UK8
Docking ya existe
Procesando resultados con bust...
Protein 7NPL_UKZ
Docking ya existe
Procesando resultados con bust...
Protein 7NR6_UO8
Docking ya existe
Procesando resultados con bust...
Protein 7NR8_UOE
Docking ya existe
Procesando resultados con bust...
Protein 7NSW_HC4
Docking ya existe
Procesando resultados con bust...
Protein 7NTG_F6R
Docking ya existe
Procesando resultados con bust...
Protein 7NU0_DCL
Docking ya existe
Procesando resultados con bust...
Protein 7NUT_GLP
Docking ya existe
Procesando resultados con bust...
Protein 7NXO_UU8
Docking ya existe
Procesando resultados con bust...
Protein 7O0N_CDP
Docking ya existe
Procesando resultados con bust...
Protein 7O1T_5X8
Docking ya existe
Procesando resultados con bust...
Protein 7OCB_V88
Docking ya existe
Procesando resultados con bust...
Protein 7ODX_DGP
Docking ya existe
Procesando resultados con bust...
Protein 7ODY_DGI
Docking ya existe
Procesando resultados con bust...
Protein 7OEO_V9Z
Docking ya existe
Procesando resultados con bust...
Protein 7OFF_VCB
Docking ya existe
Procesando resultados con bust...
Protein 7OFK_VCH
Docking ya existe
Procesando resultados con bust...
Protein 7OKC_VFE
Docking ya existe
Procesando resultados con bust...
Protein 7OKF_VH5
Docking ya existe
Procesando resultados con bust...
Protein 7OLI_8HG
Docking ya existe
Procesando resultados con bust...
Protein 7OLT_58J
Docking ya existe
Procesando resultados con bust...
Protein 7OMJ_GCP
Docking ya existe
Procesando resultados con bust...
Protein 7OMX_CNA
Docking ya existe
Procesando resultados con bust...
Protein 7OP9_06K
Docking ya existe
Procesando resultados con bust...
Protein 7OPG_06N
Docking ya existe
Procesando resultados con bust...
Protein 7ORW_7WA
Docking ya existe
Procesando resultados con bust...
Protein 7OSO_0V1
Docking ya existe
Procesando resultados con bust...
Protein 7OU8_1XI
Docking ya existe